// Jest Snapshot v1, https://goo.gl/fbAQLP

exports[`<MobileDrawerNavigation /> should render a heading with a button when closed 1`] = `"<div class=\\"flex justify-between\\"><h1>Link 1</h1><button class=\\"crayons-btn crayons-btn--ghost crayons-btn--s crayons-btn--icon\\" type=\\"button\\" aria-label=\\"Test navigation\\"><svg width=\\"24\\" height=\\"24\\" xmlns=\\"http://www.w3.org/2000/svg\\"><path fill-rule=\\"evenodd\\" clip-rule=\\"evenodd\\" d=\\"M7 12a2 2 0 11-4 0 2 2 0 014 0zm7 0a2 2 0 11-4 0 2 2 0 014 0zm5 2a2 2 0 100-4 2 2 0 000 4z\\"></path></svg></button></div>"`;

exports[`<MobileDrawerNavigation /> should render a navigation with a checkmark for current page when open 1`] = `"<div class=\\"flex justify-between\\"><h1>Link 1</h1><button class=\\"crayons-btn crayons-btn--ghost crayons-btn--s crayons-btn--icon\\" type=\\"button\\" aria-label=\\"Test navigation\\"><svg width=\\"24\\" height=\\"24\\" xmlns=\\"http://www.w3.org/2000/svg\\"><path fill-rule=\\"evenodd\\" clip-rule=\\"evenodd\\" d=\\"M7 12a2 2 0 11-4 0 2 2 0 014 0zm7 0a2 2 0 11-4 0 2 2 0 014 0zm5 2a2 2 0 100-4 2 2 0 000 4z\\"></path></svg></button></div><div class=\\"crayons-mobile-drawer\\"><div class=\\"crayons-mobile-drawer__overlay\\"></div><div class=\\"crayons-mobile-drawer__content\\" role=\\"dialog\\" aria-modal=\\"true\\" aria-label=\\"Test navigation\\"><nav aria-label=\\"Test navigation\\" class=\\"drawer-navigation\\"><ul class=\\"list-none\\"><li class=\\"drawer-navigation__item py-2\\"><a href=\\"/#1\\" aria-current=\\"page\\">Link 1</a><svg aria-hidden=\\"true\\" class=\\"check-icon\\" fill=\\"currentColor\\" width=\\"24\\" height=\\"24\\" viewBox=\\"0 0 24 24\\" xmlns=\\"http://www.w3.org/2000/svg\\"><path d=\\"M10 15.172l9.192-9.193 1.415 1.414L10 18l-6.364-6.364 1.414-1.414 4.95 4.95z\\"></path></svg></li><li class=\\"drawer-navigation__item py-2\\"><a href=\\"/#2\\">Link 2</a><svg aria-hidden=\\"true\\" class=\\"check-icon\\" fill=\\"currentColor\\" width=\\"24\\" height=\\"24\\" viewBox=\\"0 0 24 24\\" xmlns=\\"http://www.w3.org/2000/svg\\"><path d=\\"M10 15.172l9.192-9.193 1.415 1.414L10 18l-6.364-6.364 1.414-1.414 4.95 4.95z\\"></path></svg></li><li class=\\"drawer-navigation__item py-2\\"><a href=\\"/#3\\">Link 3</a><svg aria-hidden=\\"true\\" class=\\"check-icon\\" fill=\\"currentColor\\" width=\\"24\\" height=\\"24\\" viewBox=\\"0 0 24 24\\" xmlns=\\"http://www.w3.org/2000/svg\\"><path d=\\"M10 15.172l9.192-9.193 1.415 1.414L10 18l-6.364-6.364 1.414-1.414 4.95 4.95z\\"></path></svg></li></ul></nav><button class=\\"crayons-btn crayons-btn--secondary w-100 mt-4\\" type=\\"button\\">Cancel</button></div></div>"`;
